[mailer] SMTP not configured, email not sent to bonfilskamugisha7@gmail.com
C:\New folder\bonfilskamugisha\backend\src\server.js:20
);
^

SyntaxError: missing ) after argument list
    at wrapSafe (node:internal/modules/cjs/loader:1861:18)
    at Module._compile (node:internal/modules/cjs/loader:1903:20)
    at Object..js (node:internal/modules/cjs/loader:2060:10)
    at Module.load (node:internal/modules/cjs/loader:1651:32)
    at Module._load (node:internal/modules/cjs/loader:1443:12)
    at wrapModuleLoad (node:internal/modules/cjs/loader:261:19)
    at Module.executeUserEntryPoint [as runMain] (node:internal/modules/run_main:154:5)
    at node:internal/main/run_main_module:33:47

Node.js v24.20.0
C:\New folder\bonfilskamugisha\backend\src\server.js:23
  })));
     ^

SyntaxError: Unexpected token ')'
    at wrapSafe (node:internal/modules/cjs/loader:1861:18)
    at Module._compile (node:internal/modules/cjs/loader:1903:20)
    at Object..js (node:internal/modules/cjs/loader:2060:10)
    at Module.load (node:internal/modules/cjs/loader:1651:32)
    at Module._load (node:internal/modules/cjs/loader:1443:12)
    at wrapModuleLoad (node:internal/modules/cjs/loader:261:19)
    at Module.executeUserEntryPoint [as runMain] (node:internal/modules/run_main:154:5)
    at node:internal/main/run_main_module:33:47

Node.js v24.20.0
C:\New folder\bonfilskamugisha\backend\src\server.js:26
);
^

SyntaxError: missing ) after argument list
    at wrapSafe (node:internal/modules/cjs/loader:1861:18)
    at Module._compile (node:internal/modules/cjs/loader:1903:20)
    at Object..js (node:internal/modules/cjs/loader:2060:10)
    at Module.load (node:internal/modules/cjs/loader:1651:32)
    at Module._load (node:internal/modules/cjs/loader:1443:12)
    at wrapModuleLoad (node:internal/modules/cjs/loader:261:19)
    at Module.executeUserEntryPoint [as runMain] (node:internal/modules/run_main:154:5)
    at node:internal/main/run_main_module:33:47

Node.js v24.20.0
